// Jest Snapshot v1, https://goo.gl/fbAQLP

exports[`Todo test should render component 1`] = `
<styled.ul>
  <div />
  <div />
</styled.ul>
`;
